// Jest Snapshot v1, https://goo.gl/fbAQLP

exports[`findReferences returns a list of locations if parameter is found 1`] = `
[
  {
    "range": {
      "end": {
        "character": 12,
        "line": 148,
      },
      "start": {
        "character": 0,
        "line": 148,
      },
    },
    "uri": "dummy-uri.sh",
  },
  {
    "range": {
      "end": {
        "character": 45,
        "line": 152,
      },
      "start": {
        "character": 33,
        "line": 152,
      },
    },
    "uri": "dummy-uri.sh",
  },
  {
    "range": {
      "end": {
        "character": 20,
        "line": 162,
      },
      "start": {
        "character": 8,
        "line": 162,
      },
    },
    "uri": "dummy-uri.sh",
  },
  {
    "range": {
      "end": {
        "character": 31,
        "line": 165,
      },
      "start": {
        "character": 19,
        "line": 165,
      },
    },
    "uri": "dummy-uri.sh",
  },
]
`;

exports[`getDeclarationsForUri issue 101 1`] = `
[
  {
    "kind": 12,
    "location": {
      "range": {
        "end": {
          "character": 1,
          "line": 14,
        },
        "start": {
          "character": 0,
          "line": 3,
        },
      },
      "uri": "dummy-uri.sh",
    },
    "name": "add_a_user",
  },
  {
    "containerName": "add_a_user",
    "kind": 13,
    "location": {
      "range": {
        "end": {
          "character": 9,
          "line": 5,
        },
        "start": {
          "character": 2,
          "line": 5,
        },
      },
      "uri": "dummy-uri.sh",
    },
    "name": "USER",
  },
  {
    "containerName": "add_a_user",
    "kind": 13,
    "location": {
      "range": {
        "end": {
          "character": 13,
          "line": 6,
        },
        "start": {
          "character": 2,
          "line": 6,
        },
      },
      "uri": "dummy-uri.sh",
    },
    "name": "PASSWORD",
  },
  {
    "containerName": "add_a_user",
    "kind": 13,
    "location": {
      "range": {
        "end": {
          "character": 13,
          "line": 9,
        },
        "start": {
          "character": 2,
          "line": 9,
        },
      },
      "uri": "dummy-uri.sh",
    },
    "name": "COMMENTS",
  },
]
`;

exports[`getDeclarationsForUri returns a list of SymbolInformation if uri is found 1`] = `
[
  {
    "kind": 13,
    "location": {
      "range": {
        "end": {
          "character": 8,
          "line": 21,
        },
        "start": {
          "character": 2,
          "line": 21,
        },
      },
      "uri": "dummy-uri.sh",
    },
    "name": "ret",
  },
  {
    "kind": 13,
    "location": {
      "range": {
        "end": {
          "character": 8,
          "line": 30,
        },
        "start": {
          "character": 2,
          "line": 30,
        },
      },
      "uri": "dummy-uri.sh",
    },
    "name": "ret",
  },
  {
    "kind": 13,
    "location": {
      "range": {
        "end": {
          "character": 68,
          "line": 38,
        },
        "start": {
          "character": 0,
          "line": 38,
        },
      },
      "uri": "dummy-uri.sh",
    },
    "name": "configures",
  },
  {
    "kind": 13,
    "location": {
      "range": {
        "end": {
          "character": 27,
          "line": 40,
        },
        "start": {
          "character": 0,
          "line": 40,
        },
      },
      "uri": "dummy-uri.sh",
    },
    "name": "npm_config_loglevel",
  },
  {
    "kind": 13,
    "location": {
      "range": {
        "end": {
          "character": 31,
          "line": 48,
        },
        "start": {
          "character": 2,
          "line": 48,
        },
      },
      "uri": "dummy-uri.sh",
    },
    "name": "npm_config_loglevel",
  },
  {
    "kind": 13,
    "location": {
      "range": {
        "end": {
          "character": 22,
          "line": 53,
        },
        "start": {
          "character": 0,
          "line": 53,
        },
      },
      "uri": "dummy-uri.sh",
    },
    "name": "node",
  },
  {
    "kind": 13,
    "location": {
      "range": {
        "end": {
          "character": 6,
          "line": 54,
        },
        "start": {
          "character": 0,
          "line": 54,
        },
      },
      "uri": "dummy-uri.sh",
    },
    "name": "ret",
  },
  {
    "kind": 13,
    "location": {
      "range": {
        "end": {
          "character": 15,
          "line": 69,
        },
        "start": {
          "character": 0,
          "line": 69,
        },
      },
      "uri": "dummy-uri.sh",
    },
    "name": "TMP",
  },
  {
    "kind": 13,
    "location": {
      "range": {
        "end": {
          "character": 12,
          "line": 71,
        },
        "start": {
          "character": 2,
          "line": 71,
        },
      },
      "uri": "dummy-uri.sh",
    },
    "name": "TMP",
  },
  {
    "kind": 13,
    "location": {
      "range": {
        "end": {
          "character": 19,
          "line": 73,
        },
        "start": {
          "character": 0,
          "line": 73,
        },
      },
      "uri": "dummy-uri.sh",
    },
    "name": "TMP",
  },
  {
    "kind": 13,
    "location": {
      "range": {
        "end": {
          "character": 11,
          "line": 81,
        },
        "start": {
          "character": 0,
          "line": 81,
        },
      },
      "uri": "dummy-uri.sh",
    },
    "name": "BACK",
  },
  {
    "kind": 13,
    "location": {
      "range": {
        "end": {
          "character": 5,
          "line": 83,
        },
        "start": {
          "character": 0,
          "line": 83,
        },
      },
      "uri": "dummy-uri.sh",
    },
    "name": "ret",
  },
  {
    "kind": 13,
    "location": {
      "range": {
        "end": {
          "character": 12,
          "line": 84,
        },
        "start": {
          "character": 0,
          "line": 84,
        },
      },
      "uri": "dummy-uri.sh",
    },
    "name": "tar",
  },
  {
    "kind": 13,
    "location": {
      "range": {
        "end": {
          "character": 25,
          "line": 86,
        },
        "start": {
          "character": 2,
          "line": 86,
        },
      },
      "uri": "dummy-uri.sh",
    },
    "name": "tar",
  },
  {
    "kind": 13,
    "location": {
      "range": {
        "end": {
          "character": 22,
          "line": 89,
        },
        "start": {
          "character": 2,
          "line": 89,
        },
      },
      "uri": "dummy-uri.sh",
    },
    "name": "tar",
  },
  {
    "kind": 13,
    "location": {
      "range": {
        "end": {
          "character": 8,
          "line": 90,
        },
        "start": {
          "character": 2,
          "line": 90,
        },
      },
      "uri": "dummy-uri.sh",
    },
    "name": "ret",
  },
  {
    "kind": 13,
    "location": {
      "range": {
        "end": {
          "character": 8,
          "line": 97,
        },
        "start": {
          "character": 2,
          "line": 97,
        },
      },
      "uri": "dummy-uri.sh",
    },
    "name": "ret",
  },
  {
    "kind": 13,
    "location": {
      "range": {
        "end": {
          "character": 11,
          "line": 116,
        },
        "start": {
          "character": 0,
          "line": 116,
        },
      },
      "uri": "dummy-uri.sh",
    },
    "name": "MAKE",
  },
  {
    "kind": 13,
    "location": {
      "range": {
        "end": {
          "character": 25,
          "line": 119,
        },
        "start": {
          "character": 2,
          "line": 119,
        },
      },
      "uri": "dummy-uri.sh",
    },
    "name": "make",
  },
  {
    "kind": 13,
    "location": {
      "range": {
        "end": {
          "character": 26,
          "line": 123,
        },
        "start": {
          "character": 4,
          "line": 123,
        },
      },
      "uri": "dummy-uri.sh",
    },
    "name": "make",
  },
  {
    "kind": 13,
    "location": {
      "range": {
        "end": {
          "character": 17,
          "line": 127,
        },
        "start": {
          "character": 6,
          "line": 127,
        },
      },
      "uri": "dummy-uri.sh",
    },
    "name": "make",
  },
  {
    "kind": 13,
    "location": {
      "range": {
        "end": {
          "character": 14,
          "line": 131,
        },
        "start": {
          "character": 2,
          "line": 131,
        },
      },
      "uri": "dummy-uri.sh",
    },
    "name": "make",
  },
  {
    "kind": 13,
    "location": {
      "range": {
        "end": {
          "character": 13,
          "line": 138,
        },
        "start": {
          "character": 2,
          "line": 138,
        },
      },
      "uri": "dummy-uri.sh",
    },
    "name": "make",
  },
  {
    "kind": 13,
    "location": {
      "range": {
        "end": {
          "character": 12,
          "line": 145,
        },
        "start": {
          "character": 2,
          "line": 145,
        },
      },
      "uri": "dummy-uri.sh",
    },
    "name": "clean",
  },
  {
    "kind": 13,
    "location": {
      "range": {
        "end": {
          "character": 37,
          "line": 148,
        },
        "start": {
          "character": 0,
          "line": 148,
        },
      },
      "uri": "dummy-uri.sh",
    },
    "name": "node_version",
  },
  {
    "kind": 13,
    "location": {
      "range": {
        "end": {
          "character": 6,
          "line": 149,
        },
        "start": {
          "character": 0,
          "line": 149,
        },
      },
      "uri": "dummy-uri.sh",
    },
    "name": "ret",
  },
  {
    "kind": 13,
    "location": {
      "range": {
        "end": {
          "character": 18,
          "line": 158,
        },
        "start": {
          "character": 0,
          "line": 158,
        },
      },
      "uri": "dummy-uri.sh",
    },
    "name": "t",
  },
  {
    "kind": 13,
    "location": {
      "range": {
        "end": {
          "character": 16,
          "line": 170,
        },
        "start": {
          "character": 6,
          "line": 170,
        },
      },
      "uri": "dummy-uri.sh",
    },
    "name": "t",
  },
  {
    "kind": 13,
    "location": {
      "range": {
        "end": {
          "character": 25,
          "line": 179,
        },
        "start": {
          "character": 0,
          "line": 177,
        },
      },
      "uri": "dummy-uri.sh",
    },
    "name": "url",
  },
  {
    "kind": 13,
    "location": {
      "range": {
        "end": {
          "character": 6,
          "line": 181,
        },
        "start": {
          "character": 0,
          "line": 181,
        },
      },
      "uri": "dummy-uri.sh",
    },
    "name": "ret",
  },
  {
    "kind": 13,
    "location": {
      "range": {
        "end": {
          "character": 9,
          "line": 183,
        },
        "start": {
          "character": 2,
          "line": 183,
        },
      },
      "uri": "dummy-uri.sh",
    },
    "name": "ret",
  },
  {
    "kind": 13,
    "location": {
      "range": {
        "end": {
          "character": 24,
          "line": 187,
        },
        "start": {
          "character": 2,
          "line": 185,
        },
      },
      "uri": "dummy-uri.sh",
    },
    "name": "url",
  },
  {
    "kind": 13,
    "location": {
      "range": {
        "end": {
          "character": 8,
          "line": 188,
        },
        "start": {
          "character": 2,
          "line": 188,
        },
      },
      "uri": "dummy-uri.sh",
    },
    "name": "ret",
  },
  {
    "kind": 13,
    "location": {
      "range": {
        "end": {
          "character": 11,
          "line": 190,
        },
        "start": {
          "character": 4,
          "line": 190,
        },
      },
      "uri": "dummy-uri.sh",
    },
    "name": "ret",
  },
  {
    "kind": 13,
    "location": {
      "range": {
        "end": {
          "character": 65,
          "line": 205,
        },
        "start": {
          "character": 6,
          "line": 205,
        },
      },
      "uri": "dummy-uri.sh",
    },
    "name": "ver",
  },
  {
    "kind": 13,
    "location": {
      "range": {
        "end": {
          "character": 15,
          "line": 206,
        },
        "start": {
          "character": 6,
          "line": 206,
        },
      },
      "uri": "dummy-uri.sh",
    },
    "name": "isnpm10",
  },
  {
    "kind": 13,
    "location": {
      "range": {
        "end": {
          "character": 21,
          "line": 211,
        },
        "start": {
          "character": 12,
          "line": 211,
        },
      },
      "uri": "dummy-uri.sh",
    },
    "name": "isnpm10",
  },
  {
    "kind": 13,
    "location": {
      "range": {
        "end": {
          "character": 21,
          "line": 215,
        },
        "start": {
          "character": 12,
          "line": 215,
        },
      },
      "uri": "dummy-uri.sh",
    },
    "name": "isnpm10",
  },
  {
    "kind": 13,
    "location": {
      "range": {
        "end": {
          "character": 11,
          "line": 220,
        },
        "start": {
          "character": 6,
          "line": 220,
        },
      },
      "uri": "dummy-uri.sh",
    },
    "name": "ret",
  },
  {
    "kind": 13,
    "location": {
      "range": {
        "end": {
          "character": 18,
          "line": 225,
        },
        "start": {
          "character": 10,
          "line": 225,
        },
      },
      "uri": "dummy-uri.sh",
    },
    "name": "clean",
  },
  {
    "kind": 13,
    "location": {
      "range": {
        "end": {
          "character": 15,
          "line": 230,
        },
        "start": {
          "character": 10,
          "line": 230,
        },
      },
      "uri": "dummy-uri.sh",
    },
    "name": "ret",
  },
  {
    "kind": 13,
    "location": {
      "range": {
        "end": {
          "character": 22,
          "line": 232,
        },
        "start": {
          "character": 10,
          "line": 232,
        },
      },
      "uri": "dummy-uri.sh",
    },
    "name": "NODE",
  },
  {
    "kind": 13,
    "location": {
      "range": {
        "end": {
          "character": 16,
          "line": 233,
        },
        "start": {
          "character": 10,
          "line": 233,
        },
      },
      "uri": "dummy-uri.sh",
    },
    "name": "ret",
  },
  {
    "kind": 13,
    "location": {
      "range": {
        "end": {
          "character": 22,
          "line": 235,
        },
        "start": {
          "character": 10,
          "line": 235,
        },
      },
      "uri": "dummy-uri.sh",
    },
    "name": "NODE",
  },
  {
    "kind": 13,
    "location": {
      "range": {
        "end": {
          "character": 16,
          "line": 236,
        },
        "start": {
          "character": 10,
          "line": 236,
        },
      },
      "uri": "dummy-uri.sh",
    },
    "name": "ret",
  },
  {
    "kind": 13,
    "location": {
      "range": {
        "end": {
          "character": 21,
          "line": 255,
        },
        "start": {
          "character": 8,
          "line": 255,
        },
      },
      "uri": "dummy-uri.sh",
    },
    "name": "make",
  },
  {
    "kind": 13,
    "location": {
      "range": {
        "end": {
          "character": 6,
          "line": 265,
        },
        "start": {
          "character": 0,
          "line": 265,
        },
      },
      "uri": "dummy-uri.sh",
    },
    "name": "ret",
  },
  {
    "kind": 13,
    "location": {
      "range": {
        "end": {
          "character": 24,
          "line": 273,
        },
        "start": {
          "character": 5,
          "line": 273,
        },
      },
      "uri": "dummy-uri.sh",
    },
    "name": "FILE_PATH_EXPANSION",
  },
]
`;
